// Jest Snapshot v1, https://goo.gl/fbAQLP

exports[`just-exports 1`] = `
"\\"use strict\\";

Object.defineProperty(exports, \\"__esModule\\", {
  value: true
});
Object.defineProperty(exports, \\"appcache\\", {
  enumerable: true,
  get: function get() {
    return _appcache2[\\"default\\"];
  }
});
Object.defineProperty(exports, \\"assets\\", {
  enumerable: true,
  get: function get() {
    return _assets2[\\"default\\"];
  }
});
Object.defineProperty(exports, \\"baseUrl\\", {
  enumerable: true,
  get: function get() {
    return _baseUrl2[\\"default\\"];
  }
});
Object.defineProperty(exports, \\"production\\", {
  enumerable: true,
  get: function get() {
    return _production2[\\"default\\"];
  }
});

var _appcache2 = _interopRequireDefault(require(\\"./validators/appcache.js\\"));

var _assets2 = _interopRequireDefault(require(\\"./validators/assets.js\\"));

var _baseUrl2 = _interopRequireDefault(require(\\"./validators/baseUrl.js\\"));

var _production2 = _interopRequireDefault(require(\\"./validators/production.js\\"));

function _interopRequireDefault(obj) { return obj && obj.__esModule ? obj : { \\"default\\": obj }; }"
`;
