// Jest Snapshot v1, https://goo.gl/fbAQLP

exports[`optional-any 1`] = `
"\\"use strict\\";

Object.defineProperty(exports, \\"__esModule\\", {
  value: true
});
exports.default = void 0;

var _react = _interopRequireDefault(require(\\"react\\"));

var _propTypes = _interopRequireDefault(require(\\"prop-types\\"));

function _interopRequireDefault(obj) { return obj && obj.__esModule ? obj : { default: obj }; }

var Foo = function Foo(props) {
  return _react.default.createElement(\\"div\\", null);
};

Foo.propTypes = {
  requiredAny: function requiredAny(props, propName, componentName) {
    if (!Object.prototype.hasOwnProperty.call(props, propName)) {
      throw new Error(\\"Prop \`\\".concat(propName, \\"\` has type 'any' or 'mixed', but was not provided to \`\\").concat(componentName, \\"\`. Pass undefined or any other value.\\"));
    }
  },
  optionalAny: _propTypes.default.any
};
var _default = Foo;
exports.default = _default;"
`;
