// Jest Snapshot v1, https://goo.gl/fbAQLP

exports[`preserve-comments 1`] = `
"\\"use strict\\";

Object.defineProperty(exports, \\"__esModule\\", {
  value: true
});
exports[\\"default\\"] = void 0;

var _propTypes = _interopRequireDefault(require(\\"prop-types\\"));

function _interopRequireDefault(obj) { return obj && obj.__esModule ? obj : { \\"default\\": obj }; }

var React = require('react');

var C = function C(props) {
  return /*#__PURE__*/React.createElement(\\"div\\", null);
};

C.propTypes = {
  /** foo comment */
  \\"foo\\": _propTypes[\\"default\\"].string.isRequired,
  // bar comment
  \\"bar\\": _propTypes[\\"default\\"].string.isRequired,
  \\"baz\\": _propTypes[\\"default\\"].shape({
    // subbar comment
    subbar: _propTypes[\\"default\\"].number.isRequired
  }).isRequired
};
var _default = C;
exports[\\"default\\"] = _default;"
`;
