// Jest Snapshot v1, https://goo.gl/fbAQLP

exports[`quoted-key 1`] = `
"\\"use strict\\";

var _propTypes = _interopRequireDefault(require(\\"prop-types\\"));

function _interopRequireDefault(obj) { return obj && obj.__esModule ? obj : { \\"default\\": obj }; }

var React = require('react');

function Comp(props) {
  return /*#__PURE__*/React.createElement(\\"div\\", null);
}

Comp.propTypes = {
  \\"unquoted\\": _propTypes[\\"default\\"].string.isRequired,
  \\"data-cy\\": _propTypes[\\"default\\"].string.isRequired
};"
`;
