// Jest Snapshot v1, https://goo.gl/fbAQLP

exports[`react-dot-elementprops-normal 1`] = `
"\\"use strict\\";

var _propTypes = _interopRequireDefault(require(\\"prop-types\\"));

function _interopRequireDefault(obj) { return obj && obj.__esModule ? obj : { default: obj }; }

var React = require('react');

var MenuItem = require('./MenuItem');

var C = function C(props) {
  return React.createElement(\\"div\\", null);
};

C.propTypes = {
  foo: _propTypes.default.shape(MenuItem.propTypes).isRequired
};"
`;
