// Jest Snapshot v1, https://goo.gl/fbAQLP

exports[`issue 66 1`] = `
"\\"use strict\\";

Object.defineProperty(exports, \\"__esModule\\", {
  value: true
});
exports[\\"default\\"] = _default;

function _default(url, options) {
  var Html = arguments.length > 2 && arguments[2] !== undefined ? arguments[2] : DefaultHtml;
  return /*#__PURE__*/React.createElement(\\"div\\", null);
}"
`;
