// Jest Snapshot v1, https://goo.gl/fbAQLP

exports[`use-static-rn 1`] = `
"var _interopRequireDefault = require(\\"@babel/runtime/helpers/interopRequireDefault\\");

var _classCallCheck2 = _interopRequireDefault(require(\\"@babel/runtime/helpers/classCallCheck\\"));

var _createClass2 = _interopRequireDefault(require(\\"@babel/runtime/helpers/createClass\\"));

var _possibleConstructorReturn2 = _interopRequireDefault(require(\\"@babel/runtime/helpers/possibleConstructorReturn\\"));

var _getPrototypeOf2 = _interopRequireDefault(require(\\"@babel/runtime/helpers/getPrototypeOf\\"));

var _inherits2 = _interopRequireDefault(require(\\"@babel/runtime/helpers/inherits\\"));

var _propTypes = _interopRequireDefault(require(\\"prop-types\\"));

var React = require('react');

var C = function (_React$Component) {
  (0, _inherits2.default)(C, _React$Component);

  function C() {
    (0, _classCallCheck2.default)(this, C);
    return (0, _possibleConstructorReturn2.default)(this, (0, _getPrototypeOf2.default)(C).apply(this, arguments));
  }

  (0, _createClass2.default)(C, [{
    key: \\"render\\",
    value: function render() {
      return null;
    }
  }]);
  return C;
}(React.Component);

C.propTypes = {
  x: _propTypes.default.string.isRequired
};"
`;
